// Jest Snapshot v1, https://goo.gl/fbAQLP

exports[`Footer Should render Footer correctly 1`] = `
<div>
  <footer
    class="container "
    data-testid="main-footer"
  >
    Footer
  </footer>
</div>
`;
