// Jest Snapshot v1, https://goo.gl/fbAQLP

exports[`Logo Should render Logo correctly 1`] = `
<div>
  <a
    aria-label="Logo"
    class="container"
    href="/#"
  >
    Arthur
  </a>
</div>
`;
