// Jest Snapshot v1, https://goo.gl/fbAQLP

exports['Loading Should render Loading correctly 1'] = `
<div>
  <div
    class="container"
  >
    <div />
    <div />
    <div />
    <div />
  </div>
</div>
`
